git clone https://github.com/syedrafayhashmi/Web-Mobile-App-Development.git
git init
git pull
git pull
git merge
git add .
git commit - m"edit"
git commit -m"edit"
 git config --global user.email "alihashmighm@gmail.com"
 git config --global user.name "syedalihashmi"
git commit -m"edit"
git push
git push
git push
git config core.hifeDotFile dotGitOnly
git cofig user.name "syedalihashmi"
git config u "syedalihashmi"
git config user.password "mer123cury123."
git remote add https://github.com/syedalihashmi/Web-Mobile-App-Development
git remote add https://github.com/syedalihashmi/Web-Mobile-App-Development.git
git remote add origin https://github.com/syedalihashmi/Web-Mobile-App-Development.git
git push
git clone https://github.com/syedalihashmi/Web-Mobile-App-Development.git
git '/c/Users/Syed Rafay Hashmi/Desktop/assignment.html'
git add .
git add .
git commit -m"added tags"
git push
git pull
git pull
git remote -v
git remote add upstream https://github.com/syedrafayhashmi/Web-Mobile-App-Development.git
git remote -v
git fetch upstream
git checkout master
git merge upstream/master
print("hello world")
git init
git add .
git commit -m"first commit"
git push
git remote add origin https://github.com/syedalihashmi/Python-for-Everybody.git
git push -u origin master
git push -u origin master
git add .
git commit -m"first commit"
git push
git config --global user.name "syedalihashmi"
git config --global user.email "alihashmighm@gmail.com"
git config --global user.password "mer123cury123."
git push
cat  ~/.git-credentials
SyedAliHashmi@Ali MINGW32 /e/Python for Everybody
$ git init
Initialized empty Git repository in E:/Python for Everybody/.git/
SyedAliHashmi@Ali MINGW32 /e/Python for Everybody (master)
$ git add .
warning: LF will be replaced by CRLF in .ipynb_checkpoints/Untitled-checkpoint.ipynb.
The file will have its original line endings in your working directory
warning: LF will be replaced by CRLF in Untitled.ipynb.
The file will have its original line endings in your working directory
SyedAliHashmi@Ali MINGW32 /e/Python for Everybody (master)
$ git commit -m"first commit"
[master (root-commit) b3a51ee] first commit
 3 files changed, 59 insertions(+)
 create mode 100644 .ipynb_checkpoints/Untitled-checkpoint.ipynb
 create mode 100644 Untitled.ipynb
 create mode 100644 hello.py
SyedAliHashmi@Ali MINGW32 /e/Python for Everybody (master)
$ git push
fatal: No configured push destination.
Either specify the URL from the command-line or configure a remote repository using
    git remote add <name> <url>
and then push using the remote name
    git push <name>
SyedAliHashmi@Ali MINGW32 /e/Python for Everybody (master)
$ git remote add origin https://github.com/syedalihashmi/Python-for-Everybody.git
SyedAliHashmi@Ali MINGW32 /e/Python for Everybody (master)
$ git push -u origin master
remote: Invalid username or password.
fatal: Authentication failed for 'https://github.com/syedalihashmi/Python-for-Everybody.git/'
SyedAliHashmi@Ali MINGW32 /e/Python for Everybody (master)
$ git push -u origin master
Enumerating objects: 6, done.
Counting objects: 100% (6/6), done.
Delta compression using up to 2 threads
Compressing objects: 100% (5/5), done.
Writing objects: 100% (6/6), 807 bytes | 403.00 KiB/s, done.
Total 6 (delta 0), reused 0 (delta 0), pack-reused 0
To https://github.com/syedalihashmi/Python-for-Everybody.git
 * [new branch]      master -> master
Branch 'master' set up to track remote branch 'master' from 'origin'.
SyedAliHashmi@Ali MINGW32 /e/Python for Everybody (master)
$ git add .
SyedAliHashmi@Ali MINGW32 /e/Python for Everybody (master)
$ git commit -m"first commit"
On branch master
Your branch is up to date with 'origin/master'.
nothing to commit, working tree clean
SyedAliHashmi@Ali MINGW32 /e/Python for Everybody (master)
$ git push
error: unable to read askpass response from 'C:/Program Files/Git/mingw32/libexec/git-core/git-gui--askpass'
Username for 'https://github.com': syedalihahsmi
error: unable to read askpass response from 'C:/Program Files/Git/mingw32/libexec/git-core/git-gui--askpass'
Password for 'https://syedalihahsmi@github.com':
remote: Invalid username or password.
fatal: Authentication failed for 'https://github.com/syedalihashmi/Python-for-Everybody.git/'
SyedAliHashmi@Ali MINGW32 /e/Python for Everybody (master)
$ git config --global user.name "syedalihashmi"
SyedAliHashmi@Ali MINGW32 /e/Python for Everybody (master)
$ git config --global user.email "alihashmighm@gmail.com"
SyedAliHashmi@Ali MINGW32 /e/Python for Everybody (master)
$ git config --global user.password "mer123cury123."
SyedAliHashmi@Ali MINGW32 /e/Python for Everybody (master)
$ git push
error: unable to read askpass response from 'C:/Program Files/Git/mingw32/libexec/git-core/git-gui--askpass'
Username for 'https://github.com':
error: unable to read askpass response from 'C:/Program Files/Git/mingw32/libexec/git-core/git-gui--askpass'
Password for 'https://github.com':
remote: No anonymous write access.
fatal: Authentication failed for 'https://github.com/syedalihashmi/Python-for-Everybody.git/'
SyedAliHashmi@Ali MINGW32 /e/Python for Everybody (master)
$
SyedAliHashmi@Ali MINGW32 /e/Python for Everybody (master)
$
SyedAliHashmi@Ali MINGW32 /e/Python for Everybody (master)
$ cat  ~/.git-credentials
cat: /c/Users/SyedAliHashmi/.git-credentials: No such file or directory
SyedAliHashmi@Ali MINGW32 /e/Python for Everybody (master)
$ cat  ~/.git-credentials
git add .
git commit -m"initial setting"
git push
it remote set-url origin git@github.com:syedalihashmi
git remote set-url origin git@github.com:syedalihashmi

git add .
git commit -m"initial setting"
git push
git add .
git commit -m"initial setting"
git add .
git commit -m"print"
git push
git remote set-url origin git@github.com:syedalihashmi
git add .
git commit -m"print"
git remote set-url origin git@github.com:syedalihashmi
git push
git add .
git commit -m"print"
git remote set-url origin git@github.com:syedalihashmi
git push
echo "# Print" >> README.md
git init
git add README.md
git commit -m "first commit"
git remote add origin https://github.com/syedalihashmi/Print.git
git push -u origin master
git push
jupyter notebook
git init
git commit -m"print"
git push -u origin master
git init
git commit -m"print"
git push -u origin master
git push 
git push 
echo "# Print" >> README.md
git add README.md
git commit -m "first commit"
git remote add origin https://github.com/syedalihashmi/Print.git
git push -u origin master
push
git add .
git commit -m "Print"
git push
git add .
git commit -m "Print"
git push
git add .
git commit -m "Print"
git commit -m "Print"
git push
git add .
git commit -m "Print Function"
git push
git add .
git commit -m "Print Function"
git push
git add .
git commit -m "Print Function"
git remote add origin https://github.com/syedalihashmi/Print.git
git push
git add .
git commit -m "Print Function.ipynb"
git remote add origin https://github.com/syedalihashmi/Print.git
git push
git push -u origin master
git add .
git commit -m "Print Function.ipynb"
git push -u origin master
git add .
git commit -m "print function"
git push
git config --list
git config --global user.name "Your Name"
git config --global user.name "syedalihashmi"
git config --global user.email "alihashmighm@gmail.com"
git push
git clone https://github.com/syedalihashmi/Python.git
git add .
git commit -m"first"
git push
git pull
git push
